pwd: /deep/path/hierarchy
configFile: { hola: 123 }
