.pretend-sass-lib {
  content: ''; }

.MyComponent-foo .MyComponent-bar-x .MyComponent-baz_y {
  color: red; }

.MyComponent-lib-herp {
  color: green; }

.SubComponent-something {
  color: blue; }

