(function(f){if(typeof exports==="object"&&typeof module!=="undefined"){module.exports=f()}else if(typeof define==="function"&&define.amd){define([],f)}else{var g;if(typeof window!=="undefined"){g=window}else if(typeof global!=="undefined"){g=global}else if(typeof self!=="undefined"){g=self}else{g=this}g.temp = f()}})(function(){var define,module,exports;return (function e(t,n,r){function s(o,u){if(!n[o]){if(!t[o]){var a=typeof require=="function"&&require;if(!u&&a)return a(o,!0);if(i)return i(o,!0);var f=new Error("Cannot find module '"+o+"'");throw f.code="MODULE_NOT_FOUND",f}var l=n[o]={exports:{}};t[o][0].call(l.exports,function(e){var n=t[o][1][e];return s(n?n:e)},l,l.exports,e,t,n,r)}return n[o].exports}var i=typeof require=="function"&&require;for(var o=0;o<r.length;o++)s(r[o]);return s})({1:[function(require,module,exports){
/* @component-css-ns */

var React = require('react');
var cx = require('classnames');
var SubComponent = require('./SubComponent.jsx');

module.exports = React.createClass({displayName: "exports",

  render: function() {

    return (
      React.createElement("div", {className: "foo bar-x baz_y lib-herp".replace(/\b([a-z][a-zA-Z_-]*)/g, "MyComponent-$1")}, 
        React.createElement("span", {className: cx({ derp: true }).replace(/\b([a-z][a-zA-Z_-]*)/g, "MyComponent-$1")}), 
        React.createElement(SubComponent, null)
      )
    );

  }

});


},{"./SubComponent.jsx":2,"classnames":undefined,"react":undefined}],2:[function(require,module,exports){
/* @component-css-ns */

var React = require('react');

module.exports = React.createClass({displayName: "exports",

  render: function() {

    return (
      React.createElement("div", {className: "something".replace(/\b([a-z][a-zA-Z_-]*)/g, "SubComponent-$1")})
    );

  }

});


},{"react":undefined}]},{},[1])(1)
});

<div class="MyComponent-foo MyComponent-bar-x MyComponent-baz_y MyComponent-lib-herp"><span class="MyComponent-derp"></span><div class="SubComponent-something"></div></div>
