(function e(t,n,r){function s(o,u){if(!n[o]){if(!t[o]){var a=typeof require=="function"&&require;if(!u&&a)return a(o,!0);if(i)return i(o,!0);var f=new Error("Cannot find module '"+o+"'");throw f.code="MODULE_NOT_FOUND",f}var l=n[o]={exports:{}};t[o][0].call(l.exports,function(e){var n=t[o][1][e];return s(n?n:e)},l,l.exports,e,t,n,r)}return n[o].exports}var i=typeof require=="function"&&require;for(var o=0;o<r.length;o++)s(r[o]);return s})({1:[function(require,module,exports){
var React = require('react');
var cx = require('classnames');
var SubComponent = require('./SubComponent.jsx');

module.exports = React.createClass({displayName: "exports",

  render: function() {

    return (
      React.createElement("div", {className: "foo bar-x baz_y lib-herp".replace(/\b([a-z][a-zA-Z_-]*)/g, "MyComponent-$1")}, 
        React.createElement("span", {className: cx({ derp: true }).replace(/\b([a-z][a-zA-Z_-]*)/g, "MyComponent-$1")}), 
        React.createElement(SubComponent, null)
      )
    );

  }

});


},{"./SubComponent.jsx":2,"classnames":undefined,"react":undefined}],2:[function(require,module,exports){
var React = require('react');

module.exports = React.createClass({displayName: "exports",

  render: function() {

    return (
      React.createElement("div", {className: "something".replace(/\b([a-z][a-zA-Z_-]*)/g, "SubComponent-$1")})
    );

  }

});


},{"react":undefined}]},{},[1]);
